<?xml version="1.0" encoding="UTF-8"?>
<TestRun id="f6e4c4c8-77b0-43b0-8a3d-569fcbddaac1" name="Douglas@CAPTAIN 2011-10-04 23:15:02" runUser="Captain\Douglas" xmlns="http://microsoft.com/schemas/VisualStudio/TeamTest/2010">
  <TestSettings name="Default Test Settings" id="85d80b8c-7a64-455f-85e1-6e468f50698e">
    <Deployment runDeploymentRoot="Douglas_CAPTAIN 2011-10-04 23_15_02">
      <DeploymentItem filename="C:\Users\Douglas\Hairdresser-Appointments\JCDemo\JCDemo\bin\JCDemo.dll" />
    </Deployment>
    <Execution>
      <TestTypeSpecific />
      <AgentRule name="Execution Agents">
      </AgentRule>
    </Execution>
  </TestSettings>
  <Times creation="2011-10-04T23:15:02.0286541+04:00" queuing="2011-10-04T23:15:03.3677307+04:00" start="2011-10-04T23:15:03.4267341+04:00" finish="2011-10-04T23:15:04.1767770+04:00" />
  <ResultSummary outcome="Completed">
    <Counters total="2" executed="2" passed="2" error="0" failed="0" timeout="0" aborted="0" inconclusive="0" passedButRunAborted="0" notRunnable="0" notExecuted="0" disconnected="0" warning="0" completed="0" inProgress="0" pending="0" />
  </ResultSummary>
  <TestDefinitions>
    <UnitTest name="Index" storage="c:\users\douglas\hairdresser-appointments\jcdemo\jcdemo.tests\bin\debug\jcdemo.tests.dll" id="9ab58444-5969-c34c-8346-cdc6c65b4158">
      <Execution id="ed6bdae5-1f1a-4fd6-b229-e83324622ddb" />
      <TestMethod codeBase="C:/Users/Douglas/Hairdresser-Appointments/JCDemo/JCDemo.Tests/bin/Debug/JCDemo.Tests.DLL" adapterTypeName="Microsoft.VisualStudio.TestTools.TestTypes.Unit.UnitTestAdapter, Microsoft.VisualStudio.QualityTools.Tips.UnitTest.Adapter, Version=10.0.0.0, Culture=neutral, PublicKeyToken=b03f5f7f11d50a3a" className="JCDemo.Tests.Controllers.HomeControllerTest, JCDemo.Tests, Version=1.0.0.0, Culture=neutral, PublicKeyToken=null" name="Index" />
    </UnitTest>
    <UnitTest name="About" storage="c:\users\douglas\hairdresser-appointments\jcdemo\jcdemo.tests\bin\debug\jcdemo.tests.dll" id="a5e88187-098f-25d3-01b7-d6adc5183e43">
      <Execution id="cc8ca084-4a5f-4dd0-93ef-d5ad2062c49b" />
      <TestMethod codeBase="C:/Users/Douglas/Hairdresser-Appointments/JCDemo/JCDemo.Tests/bin/Debug/JCDemo.Tests.DLL" adapterTypeName="Microsoft.VisualStudio.TestTools.TestTypes.Unit.UnitTestAdapter, Microsoft.VisualStudio.QualityTools.Tips.UnitTest.Adapter, Version=10.0.0.0, Culture=neutral, PublicKeyToken=b03f5f7f11d50a3a" className="JCDemo.Tests.Controllers.HomeControllerTest, JCDemo.Tests, Version=1.0.0.0, Culture=neutral, PublicKeyToken=null" name="About" />
    </UnitTest>
  </TestDefinitions>
  <TestLists>
    <TestList name="Results Not in a List" id="8c84fa94-04c1-424b-9868-57a2d4851a1d" />
    <TestList name="All Loaded Results" id="19431567-8539-422a-85d7-44ee4e166bda" />
  </TestLists>
  <TestEntries>
    <TestEntry testId="9ab58444-5969-c34c-8346-cdc6c65b4158" executionId="ed6bdae5-1f1a-4fd6-b229-e83324622ddb" testListId="8c84fa94-04c1-424b-9868-57a2d4851a1d" />
    <TestEntry testId="a5e88187-098f-25d3-01b7-d6adc5183e43" executionId="cc8ca084-4a5f-4dd0-93ef-d5ad2062c49b" testListId="8c84fa94-04c1-424b-9868-57a2d4851a1d" />
  </TestEntries>
  <Results>
    <UnitTestResult executionId="ed6bdae5-1f1a-4fd6-b229-e83324622ddb" testId="9ab58444-5969-c34c-8346-cdc6c65b4158" testName="Index" computerName="CAPTAIN" duration="00:00:00.2340223" startTime="2011-10-04T23:15:03.4747369+04:00" endTime="2011-10-04T23:15:04.1007727+04:00" testType="13cdc9d9-ddb5-4fa4-a97d-d965ccfc6d4b" outcome="Passed" testListId="8c84fa94-04c1-424b-9868-57a2d4851a1d" relativeResultsDirectory="ed6bdae5-1f1a-4fd6-b229-e83324622ddb">
    </UnitTestResult>
    <UnitTestResult executionId="cc8ca084-4a5f-4dd0-93ef-d5ad2062c49b" testId="a5e88187-098f-25d3-01b7-d6adc5183e43" testName="About" computerName="CAPTAIN" duration="00:00:00.0012346" startTime="2011-10-04T23:15:04.1057730+04:00" endTime="2011-10-04T23:15:04.1097732+04:00" testType="13cdc9d9-ddb5-4fa4-a97d-d965ccfc6d4b" outcome="Passed" testListId="8c84fa94-04c1-424b-9868-57a2d4851a1d" relativeResultsDirectory="cc8ca084-4a5f-4dd0-93ef-d5ad2062c49b">
    </UnitTestResult>
  </Results>
</TestRun>